   Compiling regex-automata v0.4.9
   Compiling bitflags v2.9.1
   Compiling tokio v1.46.1
   Compiling syn v1.0.109
   Compiling predicates-core v1.0.9
   Compiling difflib v0.4.0
   Compiling termtree v0.5.1
   Compiling rustix v1.0.7
   Compiling openssl v0.10.73
   Compiling rusqlite v0.31.0
   Compiling doc-comment v0.3.3
   Compiling predicates-tree v1.0.12
   Compiling float-cmp v0.9.0
   Compiling assert_cmd v2.0.17
   Compiling linux-raw-sys v0.9.4
   Compiling normalize-line-endings v0.3.0
   Compiling predicates v3.1.3
   Compiling assert-json-diff v2.0.2
   Compiling colored v2.2.0
   Compiling wait-timeout v0.2.1
   Compiling fragile v2.0.1
   Compiling similar v2.7.0
   Compiling fastrand v2.3.0
   Compiling downcast v0.11.0
   Compiling tempfile v3.20.0
   Compiling regex v1.11.1
   Compiling bstr v1.12.0
   Compiling native-tls v0.2.14
   Compiling tree-sitter v0.22.6
   Compiling env_filter v0.1.3
   Compiling tokio-tls v0.3.1
   Compiling globset v0.4.16
   Compiling hyper-tls v0.4.3
   Compiling tree-sitter-javascript v0.21.4
   Compiling tree-sitter-python v0.21.0
   Compiling reqwest v0.10.10
   Compiling tree-sitter-rust v0.21.2
   Compiling tree-sitter-typescript v0.21.2
   Compiling ignore v0.4.23
   Compiling env_logger v0.11.8
   Compiling criterion v0.5.1
   Compiling predicates v2.1.5
   Compiling globwalk v0.9.1
   Compiling ptr_meta_derive v0.1.4
   Compiling tokio-util v0.7.15
   Compiling tower v0.5.2
   Compiling tokio-native-tls v0.3.1
   Compiling tokio-tungstenite v0.24.0
   Compiling ptr_meta v0.1.4
   Compiling tokio-stream v0.1.17
   Compiling h2 v0.4.11
   Compiling tower-http v0.6.6
   Compiling rkyv_derive v0.7.45
   Compiling questdb v0.1.3
   Compiling tera v1.20.0
   Compiling tokio-tungstenite v0.20.1
   Compiling mockall_derive v0.11.4
   Compiling tokio-test v0.4.4
   Compiling mockito v0.31.1
   Compiling rkyv v0.7.45
   Compiling mockall v0.11.4
   Compiling hyper v1.6.0
   Compiling hyper-util v0.1.14
   Compiling hyper-tls v0.6.0
   Compiling axum v0.7.9
   Compiling reqwest v0.12.22
   Compiling uveddi v0.1.0 (/home/austingreen/Documents/botzr/projects/uveddi)
warning: constant `STRESS_TEST_DURATION` is never used
  --> tests/tui_performance.rs:15:7
   |
15 | const STRESS_TEST_DURATION: Duration = Duration::from_secs(5);
   |       ^^^^^^^^^^^^^^^^^^^^
   |
   = note: `#[warn(dead_code)]` on by default

error[E0412]: cannot find type `PathBuf` in this scope
   --> tests/tui_e2e.rs:235:38
    |
235 | async fn cleanup_test_project(path: &PathBuf) -> std::io::Result<()> {
    |                                      ^^^^^^^ not found in this scope
    |
help: consider importing this struct
    |
10  + use std::path::PathBuf;
    |

warning: unused import: `std::time::Duration`
  --> tests/tui_e2e.rs:10:5
   |
10 | use std::time::Duration;
   |     ^^^^^^^^^^^^^^^^^^^
   |
   = note: `#[warn(unused_imports)]` on by default

For more information about this error, try `rustc --explain E0412`.
warning: `uveddi` (test "tui_e2e") generated 1 warning
error: could not compile `uveddi` (test "tui_e2e") due to 1 previous error; 1 warning emitted
warning: build failed, waiting for other jobs to finish...
warning: struct `AppState` is never constructed
  --> src/server/mod.rs:13:12
   |
13 | pub struct AppState {
   |            ^^^^^^^^
   |
   = note: `AppState` has a derived impl for the trait `Clone`, but this is intentionally ignored during dead code analysis
   = note: `#[warn(dead_code)]` on by default

warning: function `run_server` is never used
  --> src/server/mod.rs:18:14
   |
18 | pub async fn run_server(
   |              ^^^^^^^^^^

warning: function `health_handler` is never used
  --> src/server/mod.rs:37:10
   |
37 | async fn health_handler(State(state): State<AppState>) -> (StatusCode, &'static str) {
   |          ^^^^^^^^^^^^^^

warning: function `detailed_health_handler` is never used
  --> src/server/mod.rs:46:10
   |
46 | async fn detailed_health_handler(State(state): State<AppState>) -> Json<HealthStatus> {
   |          ^^^^^^^^^^^^^^^^^^^^^^^

warning: function `alerts_handler` is never used
  --> src/server/mod.rs:52:10
   |
52 | async fn alerts_handler(State(state): State<AppState>) -> Json<Vec<Alert>> {
   |          ^^^^^^^^^^^^^^

warning: `uveddi` (test "tui_performance") generated 1 warning
warning: `uveddi` (bin "uveddi") generated 5 warnings
